// Jest Snapshot v1, https://goo.gl/fbAQLP

exports[`/home/usul/FocusReactive/GitNation/ReactAdvanced.com/build/index.html 1`] = `
"<!DOCTYPE html>
<html lang=\\"en\\">
  <head>
    <meta charset=\\"utf-8\\" />
    <title>React Advanced London</title>
    <meta name=\\"viewport\\" content=\\"width=device-width, initial-scale=1.0\\" />
    <meta name=\\"keywords\\" content=\\"ReactJS, React, React Native, Reason, GraphQL framework, JavaScript, development, Facebook, workshops, conference\\" />
    <meta name=\\"description\\" content=\\"React Advanced is London based community and a conference, addressing most complex and trickiest to solve topics. Engineers of any level are welcome, but be prepared for hardcore.\\" />
    <meta http-equiv=\\"X-UA-Compatible\\" content=\\"IE=edge\\" />
    <link rel=\\"stylesheet\\" href=\\"css/style.css?15102019\\" />
    <meta property=\\"og:url\\" content=\\"https://reactadvanced.com\\" />
    <meta property=\\"og:title\\" content=\\"React Advanced London Conference, Oct 21-23, 2020\\" />
    <meta property=\\"og:description\\" content=\\"React Advanced is London based community and a conference, addressing most complex and trickiest to solve topics. Engineers of any level are welcome, but be prepared for hardcore.\\" />
    <meta property=\\"og:image\\" content=\\"https://reactadvanced.com/pic/og-2020.png\\" />
    <meta name=\\"twitter:card\\" content=\\"summary_large_image\\" />
    <meta name=\\"twitter:site\\" content=\\"@reactadvanced\\" />
    <link rel=\\"shortcut icon\\" href=\\"img/favicon.png\\" />
  </head>
  <body>
    <div class=\\"wrapper\\">
      <button class=\\"menu-toggle\\">
        <span></span>
        <span></span>
      </button>
      <header class=\\"header\\">
        <div class=\\"container\\">
          <div class=\\"header__logo\\">
            <div class=\\"logo-mini ir\\">
              <a href=\\"/\\" class=\\"logo-mini__link\\">React Advanced London</a>
            </div>
          </div>
          <div class=\\"header__nav\\">
            <nav class=\\"nav\\">
              <li class=\\"nav__item\\"><a class=\\"nav__link js-scroll-to\\" href=\\"#event\\">About</a></li>
              <!--			            <li class=\\"nav__item\\"><a class=\\"nav__link js-scroll-to\\" href=\\"#speakers\\">Speakers</a></li>-->
              <!--			            <li class=\\"nav__item\\"><a class=\\"nav__link js-scroll-to\\" href=\\"#location\\">Location</a></li>-->
              <!--			            <li class=\\"nav__item\\"><a class=\\"nav__link js-scroll-to\\" href=\\"#advice\\">Advice Lounge</a></li>-->
              <!--			            <li class=\\"nav__item\\"><a class=\\"nav__link js-scroll-to\\" href=\\"#schedule\\">Schedule</a></li>-->
              <!--			            <li class=\\"nav__item\\"><a class=\\"nav__link js-scroll-to\\" href=\\"#workshops\\">Workshops</a></li>-->
              <!--			            <li class=\\"nav__item\\"><a class=\\"nav__link js-scroll-to\\" href=\\"#give-back\\">Diversity</a></li>-->
              <li class=\\"nav__item\\"><a class=\\"nav__link js-scroll-to\\" href=\\"/react-jobs\\">React Jobs</a></li>
              <li class=\\"nav__item\\"><a class=\\"nav__link js-scroll-to\\" href=\\"#sponsors\\">Sponsors</a></li>
              <li class=\\"nav__item\\"><a class=\\"nav__link js-scroll-to\\" href=\\"/faq\\">FAQ</a></li>
              <li class=\\"nav__item\\"><a class=\\"nav__link js-scroll-to\\" href=\\"/2019\\">2019</a></li>
              <!--			            <li class=\\"nav__item\\"><a class=\\"nav__link js-scroll-to\\" href=\\"https://medium.com/@ReactAdvanced/react-advanced-2019-attendee-guide-145327dd5a22\\">For Attendees</a></li>-->
            </nav>
          </div>
          <div class=\\"header__scls\\">
            <ul class=\\"scls\\">
              <li class=\\"scls__item\\">
                <a href=\\"http://reactadvanced.com/slack\\" target=\\"_blank\\" class=\\"scls__link\\">
                  <svg class=\\"scls__img sclsl\\" role=\\"img\\" aria-hidden=\\"true\\">
                    <use xmlns:xlink=\\"http://www.w3.org/1999/xlink\\" xlink:href=\\"img/sprite-inline.svg?v4#sclsl\\"></use>
                  </svg>
                </a>
              </li>
              <li class=\\"scls__item\\">
                <a href=\\"http://twitter.com/reactadvanced\\" target=\\"_blank\\" class=\\"scls__link\\">
                  <svg class=\\"scls__img scltw\\" role=\\"img\\" aria-hidden=\\"true\\">
                    <use xmlns:xlink=\\"http://www.w3.org/1999/xlink\\" xlink:href=\\"img/sprite-inline.svg?v4#scltw\\"></use>
                  </svg>
                </a>
              </li>
              <li class=\\"scls__item\\">
                <a href=\\"https://youtube.com/c/ReactConferences\\" target=\\"_blank\\" class=\\"scls__link\\">
                  <svg class=\\"scls__img sclyt\\" role=\\"img\\" aria-hidden=\\"true\\">
                    <use xmlns:xlink=\\"http://www.w3.org/1999/xlink\\" xlink:href=\\"img/sprite-inline.svg?v4#sclyt\\"></use>
                  </svg>
                </a>
              </li>
              <li class=\\"scls__item\\">
                <a href=\\"https://www.facebook.com/ReactAdvanced\\" target=\\"_blank\\" class=\\"scls__link\\">
                  <svg class=\\"scls__img sclfb\\" role=\\"img\\" aria-hidden=\\"true\\">
                    <use xmlns:xlink=\\"http://www.w3.org/1999/xlink\\" xlink:href=\\"img/sprite-inline.svg?v4#sclfb\\"></use>
                  </svg>
                </a>
              </li>
              <li class=\\"scls__item\\">
                <a href=\\"https://medium.com/@ReactAdvanced\\" target=\\"_blank\\" class=\\"scls__link\\">
                  <svg class=\\"scls__img sclmed\\" role=\\"img\\" aria-hidden=\\"true\\">
                    <use xmlns:xlink=\\"http://www.w3.org/1999/xlink\\" xlink:href=\\"img/sprite-inline.svg?v4#sclmed\\"></use>
                  </svg>
                </a>
              </li>
            </ul>
          </div>
        </div>
      </header><!-- .header -->
      <main class=\\"content\\">
        <section class=\\"section intro \\" id=\\"intro\\">
          <div class=\\"container\\">
            <div class=\\"intro__content\\">
              <div class=\\"logo ir \\">
                <a href=\\"/\\" class=\\"logo__link\\">React Advanced London</a>
              </div>
              <div class=\\"intro__octo\\">
                <div class=\\"intro__octo-text\\">We will be<br /> diving deep</div>
              </div>
              <p class=\\"intro__desc\\">
                <!--JavaScript is #1 on demand programming language in the world with 25 millions of developers behind it. Meet the ones who shape out the now and the future of the prospering nation-->
              </p>
              <div class=\\"stats\\">
                <div class=\\"stats__item\\">
                  <p class=\\"stats__num\\"><span>800</span></p>
                  <p class=\\"stats__desc\\">JS and React<br /> engineers</p>
                </div>
                <div class=\\"stats__item\\">
                  <p class=\\"stats__num\\"><span>30+</span></p>
                  <p class=\\"stats__desc\\">experts</p>
                </div>
                <div class=\\"stats__item\\">
                  <p class=\\"stats__num\\"><span>10+</span></p>
                  <p class=\\"stats__desc\\">workshops</p>
                </div>
              </div>
              <a class=\\"intro__important-guys\\" href=\\"https://focusreactive.com/\\" target=\\"_blank\\"></a>
              <div class=\\"big-day\\">
                <div class=\\"big-day__wrap\\">
                  <div class=\\"big-day__mon\\">
                    <span>O</span>ctober </div>
                  <div class=\\"big-day__date\\"><span>21-23, 2020</span></div>
                </div>
              </div>
              <a class=\\"intro__reserve basic-btn\\" href=\\"https://ti.to/gitnation/react-advanced-conference-2020\\">
                <div class=\\"basic-btn__inner\\">
                  <div class=\\"basic-btn__arr-l\\">
                    <svg class=\\"basic-btn__arrow\\" role=\\"img\\" aria-hidden=\\"true\\">
                      <use xmlns:xlink=\\"http://www.w3.org/1999/xlink\\" xlink:href=\\"img/sprite-inline.svg?v4#arrow_r\\"></use>
                    </svg>
                  </div> Blind bird tickets <div class=\\"basic-btn__arr-r\\">
                    <svg class=\\"basic-btn__arrow\\" role=\\"img\\" aria-hidden=\\"true\\">
                      <use xmlns:xlink=\\"http://www.w3.org/1999/xlink\\" xlink:href=\\"img/sprite-inline.svg?v4#arrow_r\\"></use>
                    </svg>
                  </div>
                </div>
              </a>
            </div>
          </div>
        </section>
        <section class=\\"section about bg-black\\" id=\\"event\\">
          <div class=\\"about__decor-1\\"></div>
          <div class=\\"about__decor-2\\"></div>
          <div class=\\"container\\">
            <a class=\\"about__reserve basic-btn btn-green\\" href=\\"https://ti.to/gitnation/react-advanced-conference-2020\\">
              <div class=\\"basic-btn__inner\\">
                <div class=\\"basic-btn__arr-l\\">
                  <svg class=\\"basic-btn__arrow\\" role=\\"img\\" aria-hidden=\\"true\\">
                    <use xmlns:xlink=\\"http://www.w3.org/1999/xlink\\" xlink:href=\\"img/sprite-inline.svg?v4#arrow_r\\"></use>
                  </svg>
                </div> Tickets <div class=\\"basic-btn__arr-r\\">
                  <svg class=\\"basic-btn__arrow\\" role=\\"img\\" aria-hidden=\\"true\\">
                    <use xmlns:xlink=\\"http://www.w3.org/1999/xlink\\" xlink:href=\\"img/sprite-inline.svg?v4#arrow_r\\"></use>
                  </svg>
                </div>
              </div>
            </a>
            <div class=\\"about__left\\">
              <h2 class=\\"section__title about__title\\">
                <span class=\\"initial\\"><span>S</span></span>traight<br /> to Business </h2>
              <p class=\\"about__subtitle\\">Are you into React, React Native, GraphQL, and Reason and hungry to learn from the best?</p>
              <div class=\\"about__desc\\">
                <p>The React ecosystem and community have grown dramatically in the last few years, as has the complexity of web and JavaScript app development. Don't go the journey alone—connect with a global network of field experts and gain invaluable, behind-the-scenes insights. Engineers of any level are welcome, but be prepared to get hardcore.</p>
                <p>React Advanced London is brought to you by the organisers of React Amsterdam and the experts at FocusReactive.</p>
              </div>
            </div>
            <div class=\\"about__right\\">
              <div class=\\"features\\">
                <div class=\\"features__item\\">
                  <div class=\\"features__time\\">
                    <div class=\\"features__date\\">21<span>st</span></div>
                    <div class=\\"features__plus\\">+</div>
                    <div class=\\"features__date\\">22<span>nd</span></div>
                  </div>
                  <div class=\\"features__desc\\">
                    <p class=\\"features__title\\">Workshops</p>
                    <p class=\\"features__p\\">Patterns, React Native, GraphQL, Design Systems, TypeScript, Reason</p>
                  </div>
                </div>
                <div class=\\"features__item\\">
                  <div class=\\"features__time\\">
                    <div class=\\"features__date\\">23<span>rd</span></div>
                    <div class=\\"features__plus to-bottom\\">+</div>
                  </div>
                  <div class=\\"features__desc\\">
                    <p class=\\"features__title\\">Expert level talks</p>
                    <p class=\\"features__p\\">Our curated lineup of speakers will address the most complex and interesting cases and challenges in React today.</p>
                  </div>
                </div>
                <div class=\\"features__item\\">
                  <div class=\\"features__img-wrap\\">
                    <svg class=\\"features__img\\" role=\\"img\\" aria-hidden=\\"true\\">
                      <use xmlns:xlink=\\"http://www.w3.org/1999/xlink\\" xlink:href=\\"img/sprite-inline.svg?v4#feature_3\\"></use>
                    </svg>
                  </div>
                  <div class=\\"features__desc\\">
                    <p class=\\"features__title\\">Advice lounge </p>
                    <p class=\\"features__p\\">Meet domain experts and community leaders one-on-one to address your problems and get personalized advice on the challenges you’re facing.</p>
                  </div>
                  <div class=\\"advices-techs\\">
                    <div class=\\"advices-techs__item\\">
                      <div class=\\"advices-techs__img-wrap\\">
                        <img src=\\"img/logo-react.svg\\" />
                      </div>
                      <p class=\\"advices-techs__title\\">React Native</p>
                    </div>
                    <div class=\\"advices-techs__item\\">
                      <div class=\\"advices-techs__img-wrap\\">
                        <img src=\\"img/logo-graphql.svg\\" />
                      </div>
                      <p class=\\"advices-techs__title\\">GraphQL</p>
                    </div>
                    <div class=\\"advices-techs__item\\">
                      <div class=\\"advices-techs__img-wrap\\">
                        <img src=\\"img/logo-typescript.svg\\" />
                      </div>
                      <p class=\\"advices-techs__title\\">TypeScript</p>
                    </div>
                    <div class=\\"advices-techs__item\\">
                      <div class=\\"advices-techs__img-wrap\\">
                        <img src=\\"img/logo-reason.svg\\" />
                      </div>
                      <p class=\\"advices-techs__title\\">Reason</p>
                    </div>
                  </div>
                </div>
              </div>
            </div>
          </div>
        </section>
        <section class=\\"section follow-us \\" id=\\"contacts\\">
          <div class=\\"follow-us__decor-pipe\\"></div>
          <div class=\\"follow-us__decor-fish\\"></div>
          <div class=\\"follow-us__decor-sub\\"></div>
          <div class=\\"container\\">
            <div class=\\"section__head\\">
              <div class=\\"section__head-l\\">
                <h3 class=\\"section__title\\">
                  <span class=\\"initial\\"><span>F</span></span>ollow us for updates </h3>
                <ul class=\\"scls\\">
                  <li class=\\"scls__item\\">
                    <a href=\\"http://twitter.com/reactadvanced\\" target=\\"_blank\\" class=\\"scls__link\\">
                      <svg class=\\"scls__img soctw\\" role=\\"img\\" aria-hidden=\\"true\\">
                        <use xmlns:xlink=\\"http://www.w3.org/1999/xlink\\" xlink:href=\\"img/sprite-inline.svg?v4#scltw\\"></use>
                      </svg>
                    </a>
                  </li>
                  <li class=\\"scls__item\\">
                    <a href=\\"https://youtube.com/c/ReactConferences\\" target=\\"_blank\\" class=\\"scls__link\\">
                      <svg class=\\"scls__img socyt\\" role=\\"img\\" aria-hidden=\\"true\\">
                        <use xmlns:xlink=\\"http://www.w3.org/1999/xlink\\" xlink:href=\\"img/sprite-inline.svg?v4#sclyt\\"></use>
                      </svg>
                    </a>
                  </li>
                  <li class=\\"scls__item\\">
                    <a href=\\"https://www.facebook.com/ReactAdvanced\\" target=\\"_blank\\" class=\\"scls__link\\">
                      <svg class=\\"scls__img socfb\\" role=\\"img\\" aria-hidden=\\"true\\">
                        <use xmlns:xlink=\\"http://www.w3.org/1999/xlink\\" xlink:href=\\"img/sprite-inline.svg?v4#sclfb\\"></use>
                      </svg>
                    </a>
                  </li>
                  <li class=\\"scls__item\\">
                    <a href=\\"https://medium.com/@ReactAdvanced\\" target=\\"_blank\\" class=\\"scls__link\\">
                      <svg class=\\"scls__img socmed\\" role=\\"img\\" aria-hidden=\\"true\\">
                        <use xmlns:xlink=\\"http://www.w3.org/1999/xlink\\" xlink:href=\\"img/sprite-inline.svg?v4#sclmed\\"></use>
                      </svg>
                    </a>
                  </li>
                </ul>
              </div>
              <div class=\\"section__head-r\\">
                <form class=\\"subscribe-form\\" action=\\"https://reactadvanced.us20.list-manage.com/subscribe/post?u=60e415b507eefaffa4de40e02&amp;id=7ac7afeb1f\\" method=\\"post\\" id=\\"mc-embedded-subscribe-form\\" name=\\"mc-embedded-subscribe-form\\" target=\\"_blank\\" novalidate>
                  <p class=\\"subscribe-form__title\\">Subscribe for conference email updates to hear about the latest news and special deals:</p>
                  <div class=\\"subscribe-form__input-wrap\\">
                    <input class=\\"subscribe-form__input\\" type=\\"email\\" name=\\"EMAIL\\" id=\\"mce-EMAIL\\" placeholder=\\"your@email\\" />
                    <button class=\\"subscribe-form__submit basic-btn\\" type=\\"submit\\" name=\\"subscribe\\" id=\\"mc-embedded-subscribe\\">
                      <div class=\\"basic-btn__inner\\">
                        <div class=\\"basic-btn__arr-l\\">
                          <svg class=\\"basic-btn__arrow\\" role=\\"img\\" aria-hidden=\\"true\\">
                            <use xmlns:xlink=\\"http://www.w3.org/1999/xlink\\" xlink:href=\\"img/sprite-inline.svg?v4#arrow_r\\"></use>
                          </svg>
                        </div>
                        <div class=\\"basic-btn__text\\">Subscribe</div>
                        <div class=\\"basic-btn__arr-r\\">
                          <svg class=\\"basic-btn__arrow\\" role=\\"img\\" aria-hidden=\\"true\\">
                            <use xmlns:xlink=\\"http://www.w3.org/1999/xlink\\" xlink:href=\\"img/sprite-inline.svg?v4#arrow_r\\"></use>
                          </svg>
                        </div>
                      </div>
                    </button>
                  </div>
                  <div style=\\"position: absolute; left: -5000px;\\" aria-hidden=\\"true\\"><input type=\\"text\\" name=\\"b_60e415b507eefaffa4de40e02_7ac7afeb1f\\" tabindex=\\"-1\\" value=\\"\\" /></div>
                </form>
              </div>
            </div>
          </div>
        </section>
        <section class=\\"section give-back\\" id=\\"give-back\\">
          <div class=\\"container\\">
            <div class=\\"section__head\\">
              <div class=\\"section__head-l\\">
                <h3 class=\\"section__title\\">
                  <span class=\\"initial\\"><span>G</span></span>iving back to community </h3>
                <p class=\\"section__desc\\"> When we launched our first event five years ago, we never imagined we would welcome up to 1400 attendees at our events and organize four meetup groups and multiple spin-offs in Europe. Our secret? We welcome people from all walks of life in our community. We are a proud partner of initiatives like Unicorns in Tech, the global tech network for LGBT professionals and their straight allies. </p>
                <p class=\\"section__desc\\"> We know that supporting diversity inside and outside of IT takes more than mere statements, which is why our diversity scholarship programs are a key part of every conference we organize. </p>
                <p class=\\"section__desc\\"> In addition to our self-funded tickets pool, we're actively working with partner companies to sponsor more diversity scholarship tickets. Help make the React community a better place–support our scholarship programme! </p>
              </div>
              <div class=\\"section__head-r\\">
                <div class=\\"thank-progress\\">
                  <div class=\\"thank-progress__info\\">
                    <p class=\\"thank-progress__num\\">0 of 50</p>
                    <p class=\\"thank-progress__desc\\">extra diversity<br />scholarships<br />sponsored</p>
                  </div>
                  <div class=\\"thank-progress__progress\\">
                    <div class=\\"circle\\"></div>
                  </div>
                </div>
              </div>
            </div>
            <div class=\\"give-back__btns\\">
              <!--					<a class=\\"give-back__btn basic-btn btn-black\\" href=\\"https://medium.com/@ReactAdvanced/react-advanced-conference-is-now-offering-diversity-scholarships-38cf42179e1f\\">-->
              <!--						<div class=\\"basic-btn__inner\\">-->
              <!--							<div class=\\"basic-btn__arr-l\\">-->
              <!--								<svg class=\\"basic-btn__arrow\\" role=\\"img\\" aria-hidden=\\"true\\">-->
              <!--									<use xmlns:xlink=\\"http://www.w3.org/1999/xlink\\" xlink:href=\\"img/sprite-inline.svg?v4#arrow_r\\"></use>-->
              <!--								</svg>-->
              <!--							</div>-->
              <!--							Apply for diversity scholarship-->
              <!--							<div class=\\"basic-btn__arr-r\\">-->
              <!--								<svg class=\\"basic-btn__arrow\\" role=\\"img\\" aria-hidden=\\"true\\">-->
              <!--									<use xmlns:xlink=\\"http://www.w3.org/1999/xlink\\" xlink:href=\\"img/sprite-inline.svg?v4#arrow_r\\"></use>-->
              <!--								</svg>-->
              <!--							</div>-->
              <!--						</div>-->
              <!--					</a>-->
              <a class=\\"give-back__btn basic-btn btn-green\\" href=\\"mailto:hi@reactadvanced.com\\">
                <div class=\\"basic-btn__inner\\">
                  <div class=\\"basic-btn__arr-l\\">
                    <svg class=\\"basic-btn__arrow\\" role=\\"img\\" aria-hidden=\\"true\\">
                      <use xmlns:xlink=\\"http://www.w3.org/1999/xlink\\" xlink:href=\\"img/sprite-inline.svg?v4#arrow_r\\"></use>
                    </svg>
                  </div> Sponsor diversity tickets <div class=\\"basic-btn__arr-r\\">
                    <svg class=\\"basic-btn__arrow\\" role=\\"img\\" aria-hidden=\\"true\\">
                      <use xmlns:xlink=\\"http://www.w3.org/1999/xlink\\" xlink:href=\\"img/sprite-inline.svg?v4#arrow_r\\"></use>
                    </svg>
                  </div>
                </div>
              </a>
            </div>
          </div>
        </section>
        <section class=\\"section sponsors\\" id=\\"sponsors\\">
          <div class=\\"container\\">
            <div class=\\"section__head\\">
              <div class=\\"section__head-l\\">
                <h3 class=\\"section__title with-dots\\">
                  <span class=\\"initial\\"><span>P</span></span>revious sponsors </h3>
              </div>
              <div class=\\"section__head-r\\">
                <!--						<div class=\\"section__desc\\">Would you like to support a growing React community in London and improve the visibility of your tech/employer brand?</div>-->
                <!--						<div class=\\"section__desc\\"><a href=\\"/sponsors\\">Check our partnership packages for 2019</a></div>-->
                <div class=\\"section__desc\\">Would like to work together with the most notable React community supporters?</div>
                <div class=\\"section__desc\\"><a href=\\"/react-jobs\\">Have a loot at our partner job openings</a></div>
              </div>
            </div>
            <div class=\\"sponsors-block
            
              sponsors-block_lg
            
          \\">
              <div class=\\"sponsors-block__title\\">Gold</div>
              <ul class=\\"sponsors-block__list\\">
                <li class=\\"sponsors-block__item\\">
                  <a href=\\"https://aws.amazon.com\\" target=\\"_blank\\">
                    <img src=\\"/pic/sponsors/gold/aws.png?v3\\" alt=\\"\\" width=\\"200\\" />
                  </a>
                </li>
                <li class=\\"sponsors-block__item\\">
                  <a href=\\"https://marketinvoice.com\\" target=\\"_blank\\">
                    <img src=\\"/pic/sponsors/gold/marketinvoice.png?v3\\" alt=\\"\\" width=\\"200\\" />
                  </a>
                </li>
                <li class=\\"sponsors-block__item\\">
                  <a href=\\"https://www.clearscore.com\\" target=\\"_blank\\">
                    <img src=\\"/pic/sponsors/gold/clearscore.png?v2\\" alt=\\"\\" width=\\"200\\" />
                  </a>
                </li>
                <li class=\\"sponsors-block__item\\">
                  <a href=\\"https://focusreactive.com\\" target=\\"_blank\\">
                    <img src=\\"/pic/sponsors/gold/focus-reactive.png\\" alt=\\"\\" width=\\"200\\" />
                  </a>
                </li>
                <li class=\\"sponsors-block__item\\">
                  <a href=\\"https://www.signal-ai.com/\\" target=\\"_blank\\">
                    <img src=\\"/pic/sponsors/gold/signal.png\\" alt=\\"\\" width=\\"200\\" />
                  </a>
                </li>
                <li class=\\"sponsors-block__item\\">
                  <a href=\\"https://www.tesco.com/\\" target=\\"_blank\\">
                    <img src=\\"/pic/sponsors/gold/tesco.png?v2\\" alt=\\"\\" width=\\"200\\" />
                  </a>
                </li>
                <li class=\\"sponsors-block__item\\">
                  <a href=\\"https://duffel.com/\\" target=\\"_blank\\">
                    <img src=\\"/pic/sponsors/gold/duffel.png\\" alt=\\"\\" width=\\"200\\" />
                  </a>
                </li>
                <li class=\\"sponsors-block__item\\">
                  <a href=\\"https://magiclab.co/\\" target=\\"_blank\\">
                    <img src=\\"/pic/sponsors/gold/magiclab.png\\" alt=\\"\\" width=\\"200\\" />
                  </a>
                </li>
                <li class=\\"sponsors-block__item\\">
                  <a href=\\"https://careers.sky.com\\" target=\\"_blank\\">
                    <img src=\\"/pic/sponsors/gold/skynow.png\\" alt=\\"\\" width=\\"200\\" />
                  </a>
                </li>
              </ul>
            </div>
            <div class=\\"sponsors-block
            
              sponsors-block_med
            
          \\">
              <div class=\\"sponsors-block__title\\">Silver</div>
              <ul class=\\"sponsors-block__list\\">
                <li class=\\"sponsors-block__item\\">
                  <a href=\\"https://www.theodo.co.uk/\\" target=\\"_blank\\">
                    <img src=\\"/pic/sponsors/theodo.png?v2\\" alt=\\"\\" width=\\"200\\" />
                  </a>
                </li>
                <li class=\\"sponsors-block__item\\">
                  <a href=\\"https://formidable.com/\\" target=\\"_blank\\">
                    <img src=\\"/pic/sponsors/formidable.png?v2\\" alt=\\"\\" width=\\"200\\" />
                  </a>
                </li>
                <li class=\\"sponsors-block__item\\">
                  <a href=\\"https://tylermcginnis.com/\\" target=\\"_blank\\">
                    <img src=\\"/pic/sponsors/tylermcginnis.png\\" alt=\\"\\" width=\\"200\\" />
                  </a>
                </li>
                <li class=\\"sponsors-block__item\\">
                  <a href=\\"https://soshace.com/\\" target=\\"_blank\\">
                    <img src=\\"/pic/sponsors/soshace.png\\" alt=\\"\\" width=\\"200\\" />
                  </a>
                </li>
                <li class=\\"sponsors-block__item\\">
                  <a href=\\"https://graphcms.com\\" target=\\"_blank\\">
                    <img src=\\"/pic/sponsors/graphcms.png\\" alt=\\"\\" width=\\"200\\" />
                  </a>
                </li>
                <li class=\\"sponsors-block__item\\">
                  <a href=\\"https://fewandfar.io/\\" target=\\"_blank\\">
                    <img src=\\"/pic/sponsors/fewfar.png\\" alt=\\"\\" width=\\"200\\" />
                  </a>
                </li>
              </ul>
            </div>
          </div>
        </section>
      </main><!-- .content -->
      <footer class=\\"footer\\">
        <div class=\\"container\\">
          <div class=\\"f-logo\\">
            <a href=\\"https://gitnation.org\\" target=\\"_blank\\">
              <div class=\\"f-logo__desc\\">
                <p class=\\"f-logo__by\\">Event by</p>
                <p class=\\"f-logo__org\\">GitNation</p>
              </div>
            </a>
          </div>
          <div class=\\"nav\\">
            <li class=\\"nav__item\\">
              <a class=\\"nav__link js-scroll-to\\" href=\\"/sponsors\\">Sponsorship opportunities</a>
            </li>
            <li class=\\"nav__item\\">
              <a class=\\"nav__link js-scroll-to\\" href=\\"/coc\\">Code of conduct</a>
            </li>
            <li class=\\"nav__item\\">
              <a class=\\"nav__link js-scroll-to\\" href=\\"mailto:hi@reactadvanced.com\\">Email us!</a>
            </li>
            <!--				<li class=\\"nav__item\\">-->
            <!--					<a class=\\"nav__link js-scroll-to\\" href=\\"/faq\\">FAQ</a>-->
            <!--				</li>-->
          </div>
          <div class=\\"f-logo__dummy\\"></div>
          <a class=\\"f-reserve basic-btn btn-green\\" href=\\"https://ti.to/gitnation/react-advanced-conference-2020\\">
            <div class=\\"basic-btn__inner\\">
              <div class=\\"basic-btn__arr-l\\">
                <svg class=\\"basic-btn__arrow\\" role=\\"img\\" aria-hidden=\\"true\\">
                  <use xmlns:xlink=\\"http://www.w3.org/1999/xlink\\" xlink:href=\\"img/sprite-inline.svg?v4#arrow_r\\"></use>
                </svg>
              </div> Tickets <div class=\\"basic-btn__arr-r\\">
                <svg class=\\"basic-btn__arrow\\" role=\\"img\\" aria-hidden=\\"true\\">
                  <use xmlns:xlink=\\"http://www.w3.org/1999/xlink\\" xlink:href=\\"img/sprite-inline.svg?v4#arrow_r\\"></use>
                </svg>
              </div>
            </div>
          </a>
        </div>
      </footer><!-- .footer -->
    </div>
    <script type=\\"text/javascript\\">
      var _gauges = _gauges || [];
      (function()
      {
        var t = document.createElement('script');
        t.type = 'text/javascript';
        t.async = true;
        t.id = 'gauges-tracker';
        t.setAttribute('data-site-id', '5ca4d31d67e90a079f05add6');
        t.setAttribute('data-track-path', 'https://track.gaug.es/track.gif');
        t.src = 'https://d2fuc4clr7gvcn.cloudfront.net/track.js';
        var s = document.getElementsByTagName('script')[0];
        s.parentNode.insertBefore(t, s);
      })();

    </script>
    <!-- Facebook Pixel Code -->
    <script>
      ! function(f, b, e, v, n, t, s)
      {
        if (f.fbq) return;
        n = f.fbq = function()
        {
          n.callMethod ? n.callMethod.apply(n, arguments) : n.queue.push(arguments)
        };
        if (!f._fbq) f._fbq = n;
        n.push = n;
        n.loaded = !0;
        n.version = '2.0';
        n.queue = [];
        t = b.createElement(e);
        t.async = !0;
        t.src = v;
        s = b.getElementsByTagName(e)[0];
        s.parentNode.insertBefore(t, s)
      }(window, document, 'script', 'https://connect.facebook.net/en_US/fbevents.js');
      fbq('init', '1374905195888955');
      fbq('track', 'PageView');

    </script>
    <noscript><img height=\\"1\\" width=\\"1\\" style=\\"display:none\\" src=\\"https://www.facebook.com/tr?id=1374905195888955&ev=PageView&noscript=1\\" /></noscript>
    <!-- End Facebook Pixel Code -->
    <!-- Twitter universal website tag code -->
    <script>
      ! function(e, t, n, s, u, a)
      {
        e.twq || (s = e.twq = function()
        {
          s.exe ? s.exe.apply(s, arguments) : s.queue.push(arguments);
        }, s.version = '1.1', s.queue = [], u = t.createElement(n), u.async = !0, u.src = '//static.ads-twitter.com/uwt.js', a = t.getElementsByTagName(n)[0], a.parentNode.insertBefore(u, a))
      }(window, document, 'script');
      // Insert Twitter Pixel ID and Standard Event data below
      twq('init', 'o2en6');
      twq('track', 'PageView');

    </script>
    <!-- End Twitter universal website tag code -->
    <script src=\\"https://ajax.googleapis.com/ajax/libs/jquery/1.9.1/jquery.min.js\\"></script>
    <script src=\\"js/app.js\\"></script>
  </body>
</html>
"
`;
